01 00 00 00 00 00 00 00
03 00 00 00 00 00 00 00
03 00 00 00 00 00 00 00
02 00 00 00 00 00 00 00
06 00 00 00 00 00 00 00
71 77 65 72 74 79 00 00
00 00 00 00 00 00 94 88
01 00 00 00 00 00 01 00
00 00 00 00 00 00 00 00
00 00 00 00 00 40

