[1]
VectorType[3]
  StringType[6](qwerty)
  IntegerType(100500)
  FloatType(2.000000)

