[1]
VectorType[4]
  StringType[6](qwerty)
  IntegerType(100500)
  FloatType(2.000000)
  VectorType[3]
    StringType[6](qwerty)
    IntegerType(100500)
    FloatType(2.000000)

01 00 00 00 00 00 00 00
03 00 00 00 00 00 00 00
04 00 00 00 00 00 00 00
02 00 00 00 00 00 00 00
06 00 00 00 00 00 00 00
71 77 65 72 74 79 00 00
00 00 00 00 00 00 94 88
01 00 00 00 00 00 01 00
00 00 00 00 00 00 00 00
00 00 00 00 00 40 03 00
00 00 00 00 00 00 03 00
00 00 00 00 00 00 02 00
00 00 00 00 00 00 06 00
00 00 00 00 00 00 71 77
65 72 74 79 00 00 00 00
00 00 00 00 94 88 01 00
00 00 00 00 01 00 00 00
00 00 00 00 00 00 00 00
00 00 00 40
