[1]
VectorType[2]
  StringType[6](qwerty)
  IntegerType(100500)

